producer_class	xtools.gsea.Gsea
producer_timestamp	1616114888388
param	zip_report	false
param	num	100
param	scoring_scheme	weighted
param	norm	meandiv
param	out	/home/yusuf/gsea_home/output/mar19
param	mode	Max_probe
param	include_only_symbols	true
param	set_max	500
param	gmx	/home/yusuf/Documents/GitHub/BioinfGroupProject/GSEA/COVID-19-ppi.gmt
param	plot_top_x	200
param	nperm	1000
param	order	descending
param	rpt_label	NPc2_CovPPI
param	rnd_seed	149
param	set_min	15
param	res	/home/yusuf/Documents/GitHub/BioinfGroupProject/GSEA/expr2.gct
param	chip	ftp.broadinstitute.org://pub/gsea/annotations_versioned/Human_NCBI_Entrez_Gene_ID_MSigDB.v7.2.chip
param	create_svgs	false
param	cls	/home/yusuf/gsea_home/output/mar19/C2_vs_Remaining.cls#C2_versus_Remaining
param	sort	real
param	create_gcts	false
param	help	false
param	save_rnd_lists	false
param	median	false
param	metric	Signal2Noise
param	make_sets	true
param	rnd_type	no_balance
param	gui	false
param	permute	phenotype
param	collapse	Collapse

file	/home/yusuf/gsea_home/output/mar19/NPc2_CovPPI.Gsea.1616114888388/index.html
